#-----------------------------------------------------------
# Vivado v2019.1 (64-bit)
# SW Build 2552052 on Fri May 24 14:47:09 MDT 2019
# IP Build 2548770 on Fri May 24 18:01:18 MDT 2019
# Start of session at: Thu Feb  2 15:21:46 2023
# Process ID: 765763
# Current directory: /home/florian/Desktop/proteus/mdc/ntt_op_7_8/project_1
# Command line: vivado -source project_1.xpr
# Log file: /home/florian/Desktop/proteus/mdc/ntt_op_7_8/project_1/vivado.log
# Journal file: /home/florian/Desktop/proteus/mdc/ntt_op_7_8/project_1/vivado.jou
#-----------------------------------------------------------
start_gui
open_project project_1.xpr
update_compile_order -fileset sources_1
reset_simulation -simset sim_1 -mode behavioral
generate_target Simulation [get_files /home/florian/Desktop/proteus/mdc/ntt_op_7_8/project_1/project_1.srcs/sources_1/ip/INS_RAM/INS_RAM.xci]
generate_target Simulation [get_files /home/florian/Desktop/proteus/mdc/ntt_op_7_8/project_1/project_1.srcs/sources_1/ip/BRAM64_1024_1/BRAM64_1024.xci]
launch_simulation
open_wave_config /home/florian/Desktop/proteus/mdc/ntt_op_7_8/project_1/tb_behav.wcfg
source ntt_tb.tcl
relaunch_sim
save_wave_config {/home/florian/Desktop/proteus/mdc/ntt_op_7_8/project_1/tb_behav.wcfg}
save_wave_config {/home/florian/Desktop/proteus/mdc/ntt_op_7_8/project_1/tb_behav.wcfg}
save_wave_config {/home/florian/Desktop/proteus/mdc/ntt_op_7_8/project_1/tb_behav.wcfg}
close_sim
